[templates.hibootstrap.com/nedo/default/index.html]
[templates.hibootstrap.com/nedo/default/assets/css/flaticon.css]
[templates.hibootstrap.com/nedo/default/assets/css/bootstrap.min.css]
[templates.hibootstrap.com/nedo/default/assets/css/remixicon.css]
[templates.hibootstrap.com/nedo/default/assets/css/owl.carousel.min.css]
[templates.hibootstrap.com/nedo/default/assets/css/fancybox.css]
[templates.hibootstrap.com/nedo/default/assets/css/jquery-ui-min.css]
[templates.hibootstrap.com/nedo/default/assets/css/aos.css]
[templates.hibootstrap.com/nedo/default/assets/css/style.css]
[templates.hibootstrap.com/nedo/default/assets/css/dark-theme.css]
[templates.hibootstrap.com/nedo/default/assets/css/responsive.css]
[backblue.gif]
[fade.gif]
[index.html]
[templates.hibootstrap.com/nedo/default/assets/img/favicon.png]
[templates.hibootstrap.com/nedo/default/assets/img/logo-white.png]
[templates.hibootstrap.com/nedo/default/index-2.html]
[templates.hibootstrap.com/nedo/default/index-3.html]
[templates.hibootstrap.com/nedo/default/about.html]
[templates.hibootstrap.com/nedo/default/explore-auction.html]
[templates.hibootstrap.com/nedo/default/live-auction.html]
[templates.hibootstrap.com/nedo/default/item-details.html]
[templates.hibootstrap.com/nedo/default/item-ranking.html]
[templates.hibootstrap.com/nedo/default/authors.html]
[templates.hibootstrap.com/nedo/default/author-profile.html]
[templates.hibootstrap.com/nedo/default/add-wallet.html]
[templates.hibootstrap.com/nedo/default/activity.html]
[templates.hibootstrap.com/nedo/default/collection.html]
[templates.hibootstrap.com/nedo/default/create-collection.html]
[templates.hibootstrap.com/nedo/default/team.html]
[templates.hibootstrap.com/nedo/default/testimonials.html]
[templates.hibootstrap.com/nedo/default/login.html]
[templates.hibootstrap.com/nedo/default/register.html]
[templates.hibootstrap.com/nedo/default/recover-password.html]
[templates.hibootstrap.com/nedo/default/terms-of-service.html]
[templates.hibootstrap.com/nedo/default/privacy-policy.html]
[templates.hibootstrap.com/nedo/default/error-404.html]
[templates.hibootstrap.com/nedo/default/blog-no-sidebar.html]
[templates.hibootstrap.com/nedo/default/blog-left-sidebar.html]
[templates.hibootstrap.com/nedo/default/blog-right-sidebar.html]
[templates.hibootstrap.com/nedo/default/blog-details-no-sidebar.html]
[templates.hibootstrap.com/nedo/default/blog-details-left-sidebar.html]
[templates.hibootstrap.com/nedo/default/blog-details-right-sidebar.html]
[templates.hibootstrap.com/nedo/default/contact.html]
[templates.hibootstrap.com/nedo/default/assets/img/hero/hero-shape-1.png]
[templates.hibootstrap.com/nedo/default/assets/img/hero/nft-slider-1.png]
[templates.hibootstrap.com/nedo/default/assets/img/hero/nft-slider-2.png]
[templates.hibootstrap.com/nedo/default/assets/img/hero/nft-slider-3.png]
[templates.hibootstrap.com/nedo/default/assets/img/auction/auction-item-1.jpg]
[templates.hibootstrap.com/nedo/default/assets/img/author/author-1.jpg]
[templates.hibootstrap.com/nedo/default/assets/img/auction/auction-item-2.jpg]
[templates.hibootstrap.com/nedo/default/assets/img/author/author-2.jpg]
[templates.hibootstrap.com/nedo/default/assets/img/auction/auction-item-3.jpg]
[templates.hibootstrap.com/nedo/default/assets/img/author/author-3.jpg]
[templates.hibootstrap.com/nedo/default/assets/img/auction/auction-item-4.jpg]
[templates.hibootstrap.com/nedo/default/assets/img/author/author-4.jpg]
[templates.hibootstrap.com/nedo/default/assets/img/section-shape-1.png]
[templates.hibootstrap.com/nedo/default/assets/img/seller/seller-1.jpg]
[templates.hibootstrap.com/nedo/default/assets/img/seller/seller-2.jpg]
[templates.hibootstrap.com/nedo/default/assets/img/seller/seller-3.jpg]
[templates.hibootstrap.com/nedo/default/assets/img/seller/seller-4.jpg]
[templates.hibootstrap.com/nedo/default/assets/img/seller/seller-5.jpg]
[templates.hibootstrap.com/nedo/default/assets/img/seller/seller-6.jpg]
[templates.hibootstrap.com/nedo/default/assets/img/auction/auction-item-5.jpg]
[templates.hibootstrap.com/nedo/default/assets/img/author/author-8.jpg]
[templates.hibootstrap.com/nedo/default/assets/img/auction/auction-item-6.jpg]
[templates.hibootstrap.com/nedo/default/assets/img/author/author-7.jpg]
[templates.hibootstrap.com/nedo/default/assets/img/auction/auction-item-7.jpg]
[templates.hibootstrap.com/nedo/default/assets/img/author/author-6.jpg]
[templates.hibootstrap.com/nedo/default/assets/img/author/author-9.jpg]
[templates.hibootstrap.com/nedo/default/assets/img/auction/auction-item-10.jpg]
[templates.hibootstrap.com/nedo/default/assets/img/auction/auction-item-11.jpg]
[templates.hibootstrap.com/nedo/default/assets/img/auction/auction-item-12.jpg]
[templates.hibootstrap.com/nedo/default/assets/img/how-it-works/hw-img-1.jpg]
[templates.hibootstrap.com/nedo/default/assets/img/how-it-works/hw-img-2.jpg]
[templates.hibootstrap.com/nedo/default/assets/img/wallet.png]
[templates.hibootstrap.com/nedo/default/assets/img/square.png]
[templates.hibootstrap.com/nedo/default/assets/img/drawer.png]
[templates.hibootstrap.com/nedo/default/assets/img/shopping-bag.png]
[templates.hibootstrap.com/nedo/default/assets/img/shape-2.png]
[templates.hibootstrap.com/nedo/default/assets/img/shape-1.png]
[templates.hibootstrap.com/nedo/default/assets/img/auction/auction-item-20.jpg]
[templates.hibootstrap.com/nedo/default/assets/img/auction/auction-item-19.jpg]
[templates.hibootstrap.com/nedo/default/assets/img/auction/auction-item-17.jpg]
[templates.hibootstrap.com/nedo/default/assets/img/auction/auction-item-16.jpg]
[templates.hibootstrap.com/nedo/default/assets/img/author/author-5.jpg]
[templates.hibootstrap.com/nedo/default/assets/img/auction/auction-item-15.jpg]
[templates.hibootstrap.com/nedo/default/assets/img/auction/auction-item-18.jpg]
[templates.hibootstrap.com/nedo/default/assets/img/collection/collection-1.jpg]
[templates.hibootstrap.com/nedo/default/assets/img/collection/collection-2.jpg]
[templates.hibootstrap.com/nedo/default/assets/img/collection/collection-3.jpg]
[templates.hibootstrap.com/nedo/default/assets/img/collection/collection-4.jpg]
[templates.hibootstrap.com/nedo/default/assets/img/collection/collection-5.jpg]
[templates.hibootstrap.com/nedo/default/assets/img/collection/collection-6.jpg]
[templates.hibootstrap.com/nedo/default/assets/img/collection/collection-7.jpg]
[templates.hibootstrap.com/nedo/default/assets/img/collection/collection-8.jpg]
[templates.hibootstrap.com/nedo/default/assets/img/collection/collection-9.jpg]
[templates.hibootstrap.com/nedo/default/assets/img/collection/collection-10.jpg]
[templates.hibootstrap.com/nedo/default/assets/img/collection/collection-11.jpg]
[templates.hibootstrap.com/nedo/default/assets/img/collection/collection-12.jpg]
[templates.hibootstrap.com/nedo/default/assets/img/collection/collection-13.jpg]
[templates.hibootstrap.com/nedo/default/assets/img/collection/collection-14.jpg]
[templates.hibootstrap.com/nedo/default/assets/img/collection/collection-15.jpg]
[templates.hibootstrap.com/nedo/default/assets/img/collection/collection-16.jpg]
[templates.hibootstrap.com/nedo/default/assets/img/collection/collection-17.jpg]
[templates.hibootstrap.com/nedo/default/assets/img/collection/collection-18.jpg]
[templates.hibootstrap.com/nedo/default/assets/js/jquery.min.js]
[templates.hibootstrap.com/nedo/default/assets/js/bootstrap.bundle.min.js]
[templates.hibootstrap.com/nedo/default/assets/js/form-validator.min.js]
[templates.hibootstrap.com/nedo/default/assets/js/contact-form-script.js]
[templates.hibootstrap.com/nedo/default/assets/js/aos.js]
[templates.hibootstrap.com/nedo/default/assets/js/owl.carousel.min.js]
[templates.hibootstrap.com/nedo/default/assets/js/jquery.countdown.min.js]
[templates.hibootstrap.com/nedo/default/assets/js/jquery-ui-min.js]
[templates.hibootstrap.com/nedo/default/assets/js/fancybox.js]
[templates.hibootstrap.com/nedo/default/assets/js/mixitup.min.js]
[templates.hibootstrap.com/nedo/default/assets/js/jquery.appear.js]
[templates.hibootstrap.com/nedo/default/assets/js/tweenmax.min.js]
[templates.hibootstrap.com/nedo/default/assets/js/main.js]
[templates.hibootstrap.com/nedo/default/index.html]
[templates.hibootstrap.com/nedo/default/assets/css/bootstrap.min.css]
[templates.hibootstrap.com/nedo/default/assets/fonts/flaticonbf9a.ttf]
[templates.hibootstrap.com/nedo/default/assets/fonts/flaticonbf9a.woff]
[templates.hibootstrap.com/nedo/default/assets/fonts/flaticonbf9a.woff2]
[templates.hibootstrap.com/nedo/default/assets/fonts/flaticonbf9a.eot]
[templates.hibootstrap.com/nedo/default/assets/css/flaticon.css]
[templates.hibootstrap.com/nedo/default/assets/fonts/flaticonbf9a.svg]
[templates.hibootstrap.com/nedo/default/assets/fonts/remixicondf6d.woff2]
[templates.hibootstrap.com/nedo/default/assets/fonts/remixicondf6d.eot]
[templates.hibootstrap.com/nedo/default/assets/fonts/remixicondf6d.woff]
[templates.hibootstrap.com/nedo/default/assets/fonts/remixicondf6d.ttf]
[templates.hibootstrap.com/nedo/default/assets/css/remixicon.css]
[templates.hibootstrap.com/nedo/default/assets/fonts/remixicondf6d.svg]
[templates.hibootstrap.com/nedo/default/assets/css/owl.video.play.png]
[templates.hibootstrap.com/nedo/default/assets/css/owl.carousel.min.css]
[templates.hibootstrap.com/nedo/default/assets/css/fancybox.css]
[templates.hibootstrap.com/nedo/default/assets/css/images/ui-icons_444444_256x240.png]
[templates.hibootstrap.com/nedo/default/assets/css/images/ui-icons_555555_256x240.png]
[templates.hibootstrap.com/nedo/default/assets/css/images/ui-icons_ffffff_256x240.png]
[templates.hibootstrap.com/nedo/default/assets/css/images/ui-icons_777620_256x240.png]
[templates.hibootstrap.com/nedo/default/assets/css/images/ui-icons_cc0000_256x240.png]
[templates.hibootstrap.com/nedo/default/assets/css/images/ui-icons_777777_256x240.png]
[templates.hibootstrap.com/nedo/default/assets/css/jquery-ui-min.css]
[templates.hibootstrap.com/nedo/default/assets/css/aos.css]
[templates.hibootstrap.com/nedo/default/assets/img/down-arrow.png]
[templates.hibootstrap.com/nedo/default/assets/img/breadcrumb/breadcrumb-1.jpg]
[templates.hibootstrap.com/nedo/default/assets/img/breadcrumb/breadcrumb-2.jpg]
[templates.hibootstrap.com/nedo/default/assets/img/breadcrumb/breadcrumb-3.jpg]
[templates.hibootstrap.com/nedo/default/assets/img/breadcrumb/breadcrumb-4.jpg]
[templates.hibootstrap.com/nedo/default/assets/img/breadcrumb/breadcrumb-5.jpg]
[templates.hibootstrap.com/nedo/default/assets/img/breadcrumb/breadcrumb-6.jpg]
[templates.hibootstrap.com/nedo/default/assets/img/breadcrumb/breadcrumb-7.jpg]
[templates.hibootstrap.com/nedo/default/assets/img/breadcrumb/breadcrumb-8.jpg]
[templates.hibootstrap.com/nedo/default/assets/img/hero/hero-bg-2.png]
[templates.hibootstrap.com/nedo/default/assets/img/promo-video-bg.jpg]
[templates.hibootstrap.com/nedo/default/assets/img/promo-video-2.jpg]
[templates.hibootstrap.com/nedo/default/assets/css/style.css]
[templates.hibootstrap.com/nedo/default/assets/img/night.png]
[templates.hibootstrap.com/nedo/default/assets/img/sunny.png]
[templates.hibootstrap.com/nedo/default/assets/img/down-arrow-white.png]
[templates.hibootstrap.com/nedo/default/assets/css/dark-theme.css]
[templates.hibootstrap.com/nedo/default/assets/css/responsive.css]
[templates.hibootstrap.com/nedo/default/assets/img/logo.png]
[templates.hibootstrap.com/nedo/default/assets/img/shape-5.png]
[templates.hibootstrap.com/nedo/default/assets/img/shape-3.png]
[templates.hibootstrap.com/nedo/default/assets/img/shape-4.png]
[templates.hibootstrap.com/nedo/default/assets/img/shape-8.png]
[templates.hibootstrap.com/nedo/default/assets/img/hero/hero-shape-10.png]
[templates.hibootstrap.com/nedo/default/assets/img/hero/hero-shape-11.png]
[templates.hibootstrap.com/nedo/default/assets/img/hero/hero-img-5.png]
[templates.hibootstrap.com/nedo/default/assets/img/auction/auction-item-14.jpg]
[templates.hibootstrap.com/nedo/default/assets/img/section-shape-4.png]
[templates.hibootstrap.com/nedo/default/assets/img/auction/auction-item-13.jpg]
[templates.hibootstrap.com/nedo/default/assets/img/author/author-10.jpg]
[templates.hibootstrap.com/nedo/default/assets/img/shape-6.png]
[templates.hibootstrap.com/nedo/default/assets/img/how-it-works/hw-img-3.jpg]
[templates.hibootstrap.com/nedo/default/assets/img/how-it-works/hw-img-4.jpg]
[templates.hibootstrap.com/nedo/default/assets/img/how-it-works/hw-img-5.jpg]
[templates.hibootstrap.com/nedo/default/assets/img/how-it-works/hw-img-6.jpg]
[templates.hibootstrap.com/nedo/default/assets/img/author/author-item-1.jpg]
[templates.hibootstrap.com/nedo/default/assets/img/author/author-item-2.jpg]
[templates.hibootstrap.com/nedo/default/assets/img/author/author-item-3.jpg]
[templates.hibootstrap.com/nedo/default/assets/img/author/author-item-4.jpg]
[templates.hibootstrap.com/nedo/default/assets/img/author/author-item-5.jpg]
[templates.hibootstrap.com/nedo/default/assets/img/blog/blog-1.jpg]
[templates.hibootstrap.com/nedo/default/posts-by-author.html]
[templates.hibootstrap.com/nedo/default/assets/img/blog/blog-2.jpg]
[templates.hibootstrap.com/nedo/default/assets/img/blog/blog-3.jpg]
[templates.hibootstrap.com/nedo/default/assets/img/blog/blog-4.jpg]
[templates.hibootstrap.com/nedo/default/assets/img/blog/blog-5.jpg]
[templates.hibootstrap.com/nedo/default/assets/img/blog/blog-6.jpg]
[templates.hibootstrap.com/nedo/default/index-2.html]
[templates.hibootstrap.com/nedo/default/assets/img/hero/hero-shape-2.png]
[templates.hibootstrap.com/nedo/default/assets/img/hero/hero-shape-3.png]
[templates.hibootstrap.com/nedo/default/assets/img/hero/hero-shape-5.png]
[templates.hibootstrap.com/nedo/default/assets/img/hero/hero-shape-7.png]
[templates.hibootstrap.com/nedo/default/assets/img/hero/hero-shape-4.png]
[templates.hibootstrap.com/nedo/default/assets/img/hero/hero-shape-6.png]
[templates.hibootstrap.com/nedo/default/assets/img/hero/hero-shape-8.png]
[templates.hibootstrap.com/nedo/default/assets/img/hero/hero-img-2.png]
[templates.hibootstrap.com/nedo/default/assets/img/section-shape-3.png]
[templates.hibootstrap.com/nedo/default/assets/img/auction/auction-item-8.jpg]
[templates.hibootstrap.com/nedo/default/assets/img/auction/auction-item-9.jpg]
[templates.hibootstrap.com/nedo/default/assets/img/section-shape-2.png]
[templates.hibootstrap.com/nedo/default/assets/img/shape-10.png]
[templates.hibootstrap.com/nedo/default/assets/img/newsletter-img-1.png]
[templates.hibootstrap.com/nedo/default/assets/img/nft-1.png]
[templates.hibootstrap.com/nedo/default/index-3.html]
[templates.hibootstrap.com/nedo/default/assets/img/about/about-bg-1.jpg]
[templates.hibootstrap.com/nedo/default/assets/img/about/about-bg-2.jpg]
[templates.hibootstrap.com/nedo/default/assets/img/about/shield.png]
[templates.hibootstrap.com/nedo/default/assets/img/about/lock.png]
[templates.hibootstrap.com/nedo/default/assets/img/about/man.png]
[templates.hibootstrap.com/nedo/default/assets/img/about/purse.png]
[templates.hibootstrap.com/nedo/default/assets/img/team/member-1.jpg]
[templates.hibootstrap.com/nedo/default/assets/img/team/member-2.jpg]
[templates.hibootstrap.com/nedo/default/assets/img/team/member-3.jpg]
[templates.hibootstrap.com/nedo/default/assets/img/team/member-4.jpg]
[templates.hibootstrap.com/nedo/default/about.html]
[templates.hibootstrap.com/nedo/default/explore-auction.html]
[templates.hibootstrap.com/nedo/default/live-auction.html]
[templates.hibootstrap.com/nedo/default/assets/img/auction/single-auction-item.jpg]
[templates.hibootstrap.com/nedo/default/assets/img/auction/activity-1.jpg]
[templates.hibootstrap.com/nedo/default/assets/img/auction/activity-2.jpg]
[templates.hibootstrap.com/nedo/default/assets/img/auction/activity-3.jpg]
[templates.hibootstrap.com/nedo/default/item-details.html]
[templates.hibootstrap.com/nedo/default/assets/img/auction/item-thumb-1.jpg]
[templates.hibootstrap.com/nedo/default/assets/img/auction/item-thumb-2.jpg]
[templates.hibootstrap.com/nedo/default/assets/img/auction/item-thumb-3.jpg]
[templates.hibootstrap.com/nedo/default/assets/img/auction/item-thumb-4.jpg]
[templates.hibootstrap.com/nedo/default/assets/img/auction/item-thumb-5.jpg]
[templates.hibootstrap.com/nedo/default/assets/img/auction/item-thumb-6.jpg]
[templates.hibootstrap.com/nedo/default/item-ranking.html]
[templates.hibootstrap.com/nedo/default/assets/img/author/author-11.jpg]
[templates.hibootstrap.com/nedo/default/authors.html]
[templates.hibootstrap.com/nedo/default/assets/img/author/single-author.jpg]
[templates.hibootstrap.com/nedo/default/author-profile.html]
[templates.hibootstrap.com/nedo/default/assets/img/wallet/wallet-1.png]
[templates.hibootstrap.com/nedo/default/assets/img/wallet/wallet-2.png]
[templates.hibootstrap.com/nedo/default/assets/img/wallet/wallet-3.png]
[templates.hibootstrap.com/nedo/default/assets/img/wallet/wallet-4.png]
[templates.hibootstrap.com/nedo/default/assets/img/wallet/wallet-5.png]
[templates.hibootstrap.com/nedo/default/assets/img/wallet/wallet-6.png]
[templates.hibootstrap.com/nedo/default/assets/img/wallet/wallet-7.png]
[templates.hibootstrap.com/nedo/default/assets/img/wallet/wallet-8.png]
[templates.hibootstrap.com/nedo/default/add-wallet.html]
[templates.hibootstrap.com/nedo/default/assets/img/auction/activity-4.jpg]
[templates.hibootstrap.com/nedo/default/activity.html]
[templates.hibootstrap.com/nedo/default/collection.html]
[templates.hibootstrap.com/nedo/default/create-collection.html]
[templates.hibootstrap.com/nedo/default/assets/img/team/member-5.jpg]
[templates.hibootstrap.com/nedo/default/assets/img/team/member-6.jpg]
[templates.hibootstrap.com/nedo/default/assets/img/team/member-7.jpg]
[templates.hibootstrap.com/nedo/default/assets/img/team/member-8.jpg]
[templates.hibootstrap.com/nedo/default/team.html]
[templates.hibootstrap.com/nedo/default/testimonials.html]
[templates.hibootstrap.com/nedo/default/assets/img/register.png]
[templates.hibootstrap.com/nedo/default/login.html]
[templates.hibootstrap.com/nedo/default/assets/img/login.png]
[templates.hibootstrap.com/nedo/default/register.html]
[templates.hibootstrap.com/nedo/default/recover-password.html]
[templates.hibootstrap.com/nedo/default/terms-of-service.html]
[templates.hibootstrap.com/nedo/default/privacy-policy.html]
[templates.hibootstrap.com/nedo/default/assets/img/404.png]
[templates.hibootstrap.com/nedo/default/error-404.html]
[templates.hibootstrap.com/nedo/default/blog-no-sidebar.html]
[templates.hibootstrap.com/nedo/default/assets/img/blog/post-thumb-1.jpg]
[templates.hibootstrap.com/nedo/default/assets/img/blog/post-thumb-2.jpg]
[templates.hibootstrap.com/nedo/default/assets/img/blog/post-thumb-3.jpg]
[templates.hibootstrap.com/nedo/default/posts-by-category.html]
[templates.hibootstrap.com/nedo/default/posts-by-tag.html]
[templates.hibootstrap.com/nedo/default/blog-left-sidebar.html]
[templates.hibootstrap.com/nedo/default/blog-right-sidebar.html]
[templates.hibootstrap.com/nedo/default/assets/img/blog/single-blog-1.jpg]
[templates.hibootstrap.com/nedo/default/assets/img/blog/single-blog-2.jpg]
[templates.hibootstrap.com/nedo/default/assets/img/blog/author-1.jpg]
[templates.hibootstrap.com/nedo/default/assets/img/blog/author-2.jpg]
[templates.hibootstrap.com/nedo/default/assets/img/blog/author-3.jpg]
[templates.hibootstrap.com/nedo/default/assets/img/blog/author-4.jpg]
[templates.hibootstrap.com/nedo/default/blog-details-no-sidebar.html]
[templates.hibootstrap.com/nedo/default/blog-details-left-sidebar.html]
[templates.hibootstrap.com/nedo/default/blog-details-right-sidebar.html]
[templates.hibootstrap.com/nedo/default/assets/img/phone-icon.png]
[templates.hibootstrap.com/nedo/default/assets/img/mail-icon.png]
[templates.hibootstrap.com/nedo/default/assets/img/map-icon.png]
[templates.hibootstrap.com/nedo/default/assets/img/contact-img.png]
[templates.hibootstrap.com/nedo/default/contact.html]
[templates.hibootstrap.com/nedo/default/assets/fonts/flaticonbf9a.svg]
[templates.hibootstrap.com/nedo/default/assets/fonts/remixicondf6d.svg]
[templates.hibootstrap.com/nedo/default/assets/css/owl.video.play.html]
[templates.hibootstrap.com/nedo/default/assets/css/images/ui-icons_444444_256x240.html]
[templates.hibootstrap.com/nedo/default/assets/css/images/ui-icons_555555_256x240.html]
[templates.hibootstrap.com/nedo/default/assets/css/images/ui-icons_ffffff_256x240.html]
[templates.hibootstrap.com/nedo/default/assets/css/images/ui-icons_777620_256x240.html]
[templates.hibootstrap.com/nedo/default/assets/css/images/ui-icons_cc0000_256x240.html]
[templates.hibootstrap.com/nedo/default/assets/css/images/ui-icons_777777_256x240.html]
[templates.hibootstrap.com/nedo/default/posts-by-author.html]
[templates.hibootstrap.com/nedo/default/posts-by-category.html]
[templates.hibootstrap.com/nedo/default/posts-by-tag.html]
